[debug] [2026-02-20T23:44:29.376Z] ----------------------------------------------------------------------
[debug] [2026-02-20T23:44:29.397Z] Command:       /home/gwmo/Distrobox/dev-box/.config/nvm/versions/node/v24.13.1/bin/node /home/gwmo/Distrobox/dev-box/.config/nvm/versions/node/v24.13.1/bin/firebase init
[debug] [2026-02-20T23:44:29.397Z] CLI Version:   15.7.0
[debug] [2026-02-20T23:44:29.397Z] Platform:      linux
[debug] [2026-02-20T23:44:29.398Z] Node Version:  v24.13.1
[debug] [2026-02-20T23:44:29.398Z] Time:          Fri Feb 20 2026 18:44:29 GMT-0500 (hora estándar oriental)
[debug] [2026-02-20T23:44:29.398Z] ----------------------------------------------------------------------
[debug] 
[info] 
     ######## #### ########  ######## ########     ###     ######  ########
     ##        ##  ##     ## ##       ##     ##  ##   ##  ##       ##
     ######    ##  ########  ######   ########  #########  ######  ######
     ##        ##  ##    ##  ##       ##     ## ##     ##       ## ##
     ##       #### ##     ## ######## ########  ##     ##  ######  ########

You're about to initialize a Firebase project in this directory:

  /home/gwmo/Repos/finex-promotores

Before we get started, keep in mind:

  * You are currently outside your home directory

[info] 
=== Project Setup
[info] 
[info] First, let's associate this project directory with a Firebase project.
[info] You can create multiple project aliases by running firebase use --add, 
[info] 
[debug] [2026-02-20T23:44:36.376Z] > command requires scopes: ["email","openid","https://www.googleapis.com/auth/cloudplatformprojects.readonly","https://www.googleapis.com/auth/firebase","https://www.googleapis.com/auth/cloud-platform"]
[debug] [2026-02-20T23:44:36.376Z] > authorizing via signed-in user (guillermo.her1@gmail.com)
[debug] [2026-02-20T23:44:36.377Z] Checked if tokens are valid: true, expires at: 1771634654247
[debug] [2026-02-20T23:44:36.377Z] Checked if tokens are valid: true, expires at: 1771634654247
[debug] [2026-02-20T23:44:36.379Z] >>> [apiv2][query] GET https://firebase.googleapis.com/v1beta1/projects pageSize=100
[debug] [2026-02-20T23:44:37.191Z] <<< [apiv2][status] GET https://firebase.googleapis.com/v1beta1/projects 200
[debug] [2026-02-20T23:44:37.191Z] <<< [apiv2][body] GET https://firebase.googleapis.com/v1beta1/projects [omitted]
[debug] [2026-02-20T23:44:56.668Z] ExitPromptError: User force closed the prompt with SIGINT
    at Interface.sigint (/home/gwmo/Distrobox/dev-box/.config/nvm/versions/node/v24.13.1/lib/node_modules/firebase-tools/node_modules/@inquirer/core/dist/commonjs/lib/create-prompt.js:101:37)
    at Interface.emit (node:events:508:28)
    at [_ttyWrite] [as _ttyWrite] (node:internal/readline/interface:1327:18)
    at ReadStream.onkeypress (node:internal/readline/interface:284:20)
    at ReadStream.emit (node:events:520:35)
    at emitKeys (node:internal/readline/utils:371:14)
    at emitKeys.next (<anonymous>)
    at ReadStream.onData (node:internal/readline/emitKeypressEvents:64:36)
    at ReadStream.emit (node:events:508:28)
    at addChunk (node:internal/streams/readable:559:12)
[error] 
[error] Error: An unexpected error has occurred.
